Using pre-set license
Built from '6000.0/respin/6000.0.59f1-063c55f2fd0f' branch; Version is '6000.0.59f2 (ef281c76c3c1) revision 15673372'; Using compiler version '193933523'; Build Type 'Release'
OS: 'Windows 10  (10.0.19045) 64bit Professional' Language: 'ru' Physical Memory: 16317 MB
BatchMode: 1, IsHumanControllingUs: 0, StartBugReporterOnCrash: 0, Is64bit: 1
Date: 2025-11-11T20:27:19Z

COMMAND LINE ARGUMENTS:
C:\Program Files\Unity\Hub\Editor\6000.0.59f2\Editor\Unity.exe
-adb2
-batchMode
-noUpm
-name
AssetImportWorker2
-projectPath
D:/crimsonlake/crimsonlake2/Crimson-Lake
-logFile
Logs/AssetImportWorker2.log
-srvPort
58405
-job-worker-count
5
-background-job-worker-count
8
-gc-helper-count
1
-name
AssetImport
Successfully changed project path to: D:/crimsonlake/crimsonlake2/Crimson-Lake
D:/crimsonlake/crimsonlake2/Crimson-Lake
[UnityMemory] Configuration Parameters - Can be set up in boot.config
    "memorysetup-bucket-allocator-granularity=16"
    "memorysetup-bucket-allocator-bucket-count=8"
    "memorysetup-bucket-allocator-block-size=33554432"
    "memorysetup-bucket-allocator-block-count=8"
    "memorysetup-main-allocator-block-size=16777216"
    "memorysetup-thread-allocator-block-size=16777216"
    "memorysetup-gfx-main-allocator-block-size=16777216"
    "memorysetup-gfx-thread-allocator-block-size=16777216"
    "memorysetup-cache-allocator-block-size=4194304"
    "memorysetup-typetree-allocator-block-size=2097152"
    "memorysetup-profiler-bucket-allocator-granularity=16"
    "memorysetup-profiler-bucket-allocator-bucket-count=8"
    "memorysetup-profiler-bucket-allocator-block-size=33554432"
    "memorysetup-profiler-bucket-allocator-block-count=8"
    "memorysetup-profiler-allocator-block-size=16777216"
    "memorysetup-profiler-editor-allocator-block-size=1048576"
    "memorysetup-temp-allocator-size-main=16777216"
    "memorysetup-job-temp-allocator-block-size=2097152"
    "memorysetup-job-temp-allocator-block-size-background=1048576"
    "memorysetup-job-temp-allocator-reduction-small-platforms=262144"
    "memorysetup-allocator-temp-initial-block-size-main=262144"
    "memorysetup-allocator-temp-initial-block-size-worker=262144"
    "memorysetup-temp-allocator-size-background-worker=32768"
    "memorysetup-temp-allocator-size-job-worker=262144"
    "memorysetup-temp-allocator-size-preload-manager=33554432"
    "memorysetup-temp-allocator-size-nav-mesh-worker=65536"
    "memorysetup-temp-allocator-size-audio-worker=65536"
    "memorysetup-temp-allocator-size-cloud-worker=32768"
    "memorysetup-temp-allocator-size-gi-baking-worker=262144"
    "memorysetup-temp-allocator-size-gi-baking-worker=262144"
    "memorysetup-temp-allocator-size-gi-baking-worker=262144"
    "memorysetup-temp-allocator-size-gi-baking-worker=262144"
    "memorysetup-temp-allocator-size-gi-baking-worker=262144"
    "memorysetup-temp-allocator-size-gfx=262144"
Player connection [16456]  Target information:

Player connection [16456]  * "[IP] 192.168.0.107 [Port] 0 [Flags] 2 [Guid] 4158057527 [EditorId] 4158057527 [Version] 1048832 [Id] WindowsEditor(7,DESKTOP-3UGCRIU) [Debug] 1 [PackageName] WindowsEditor [ProjectName] Editor" 

Player connection [16456]  * "[IP] 26.200.147.174 [Port] 0 [Flags] 2 [Guid] 4158057527 [EditorId] 4158057527 [Version] 1048832 [Id] WindowsEditor(7,DESKTOP-3UGCRIU) [Debug] 1 [PackageName] WindowsEditor [ProjectName] Editor" 

Player connection [16456] Host joined multi-casting on [225.0.0.222:54997]...
Player connection [16456] Host joined alternative multi-casting on [225.0.0.222:34997]...
JobSystem: Creating JobQueue using job-worker-count value 5
Input System module state changed to: Initialized.
[Physics::Module] Initialized fallback backend.
[Physics::Module] Id: 0xdecafbad
Library Redirect Path: Library/
[Physics::Module] Selected backend.
[Physics::Module] Name: PhysX
[Physics::Module] Id: 0xf2b8ea05
[Physics::Module] SDK Version: 4.1.2
[Physics::Module] Integration Version: 1.0.0
[Physics::Module] Threading Mode: Multi-Threaded
Refreshing native plugins compatible for Editor in 1.81 ms, found 2 plugins.
Preloading 0 native plugins for Editor in 0.00 ms.
Initialize engine version: 6000.0.59f2 (ef281c76c3c1)
[Subsystems] Discovering subsystems at path C:/Program Files/Unity/Hub/Editor/6000.0.59f2/Editor/Data/Resources/UnitySubsystems
[Subsystems] Discovering subsystems at path D:/crimsonlake/crimsonlake2/Crimson-Lake/Assets
GfxDevice: creating device client; kGfxThreadingModeNonThreaded
Direct3D:
    Version:  Direct3D 11.0 [level 11.1]
    Renderer: NVIDIA GeForce RTX 3060 (ID=0x2504)
    Vendor:   NVIDIA
    VRAM:     12115 MB
    Driver:   32.0.15.8129
Initialize mono
Mono path[0] = 'C:/Program Files/Unity/Hub/Editor/6000.0.59f2/Editor/Data/Managed'
Mono path[1] = 'C:/Program Files/Unity/Hub/Editor/6000.0.59f2/Editor/Data/MonoBleedingEdge/lib/mono/unityjit-win32'
Mono config path = 'C:/Program Files/Unity/Hub/Editor/6000.0.59f2/Editor/Data/MonoBleedingEdge/etc'
Using monoOptions --debugger-agent=transport=dt_socket,embedding=1,server=y,suspend=n,address=127.0.0.1:56312
Begin MonoManager ReloadAssembly
Registering precompiled unity dll's ...
Register platform support module: C:/Program Files/Unity/Hub/Editor/6000.0.59f2/Editor/Data/PlaybackEngines/WindowsStandaloneSupport/UnityEditor.WindowsStandalone.Extensions.dll
Registered in 0.003871 seconds.
- Loaded All Assemblies, in  0.405 seconds
Native extension for WindowsStandalone target not found
Mono: successfully reloaded assembly
- Finished resetting the current domain, in  0.333 seconds
Domain Reload Profiling: 735ms
	BeginReloadAssembly (139ms)
		ExecutionOrderSort (0ms)
		DisableScriptedObjects (0ms)
		BackupInstance (0ms)
		ReleaseScriptingObjects (0ms)
		CreateAndSetChildDomain (1ms)
	RebuildCommonClasses (39ms)
	RebuildNativeTypeToScriptingClass (13ms)
	initialDomainReloadingComplete (50ms)
	LoadAllAssembliesAndSetupDomain (161ms)
		LoadAssemblies (135ms)
		RebuildTransferFunctionScriptingTraits (0ms)
		AnalyzeDomain (158ms)
			TypeCache.Refresh (157ms)
				TypeCache.ScanAssembly (143ms)
			BuildScriptInfoCaches (0ms)
			ResolveRequiredComponents (0ms)
	FinalizeReload (333ms)
		ReleaseScriptCaches (0ms)
		RebuildScriptCaches (0ms)
		SetupLoadedEditorAssemblies (292ms)
			LogAssemblyErrors (0ms)
			InitializePlatformSupportModulesInManaged (19ms)
			SetLoadedEditorAssemblies (5ms)
			BeforeProcessingInitializeOnLoad (65ms)
			ProcessInitializeOnLoadAttributes (150ms)
			ProcessInitializeOnLoadMethodAttributes (53ms)
			AfterProcessingInitializeOnLoad (0ms)
			EditorAssembliesLoaded (0ms)
		ExecutionOrderSort2 (0ms)
		AwakeInstancesAfterBackupRestoration (0ms)
========================================================================
Worker process is ready to serve import requests
Import Worker Mode flag is 0x00
Begin MonoManager ReloadAssembly
- Loaded All Assemblies, in  0.653 seconds
Script 'Camera' has the same name as built-in Unity component.
AddComponent and GetComponent will not work with this script.
Refreshing native plugins compatible for Editor in 0.71 ms, found 2 plugins.
Native extension for WindowsStandalone target not found
Assertion failed on expression: '!AssetDatabase::IsAssetImportWorkerProcess()'
UnityEngine.Debug:ExtractStackTraceNoAlloc (byte*,int,string)
UnityEngine.StackTraceUtility:ExtractStackTrace ()
YG.EditorScr.AssetEditScope:Dispose () (at Assets/PluginYourGames/Scripts/EditorScr/FileYG.cs:143)
YG.EditorScr.DefineSymbols:ConversionPlatformConfigs () (at Assets/PluginYourGames/Scripts/EditorScr/DefineSymbols.cs:292)
YG.EditorScr.DefineSymbols:UpdateDefineSymbols () (at Assets/PluginYourGames/Scripts/EditorScr/DefineSymbols.cs:60)
YG.EditorScr.DefineSymbols:.cctor () (at Assets/PluginYourGames/Scripts/EditorScr/DefineSymbols.cs:34)
System.Runtime.CompilerServices.RuntimeHelpers:RunClassConstructor (System.RuntimeTypeHandle)
UnityEditor.EditorAssemblies:ProcessInitializeOnLoadAttributes (System.Type[])

[Assets/PluginYourGames/Scripts/EditorScr/FileYG.cs line 143]

Asset Pipeline Refresh (id=c9f3aab05598c05409d7d38a6c6cd218): Total: 0.001 seconds - Initiated by StopAssetImportingV2(NoUpdateAssetOptions)
System.IO.IOException: Sharing violation on path D:\crimsonlake\crimsonlake2\Crimson-Lake\Assets\PluginYourGames\Editor\ModulesListYG2.txt
  at System.IO.FileStream..ctor (System.String path, System.IO.FileMode mode, System.IO.FileAccess access, System.IO.FileShare share, System.Int32 bufferSize, System.Boolean anonymous, System.IO.FileOptions options) [0x0019e] in <152439c387994a8da523328132967f8d>:0 
  at System.IO.FileStream..ctor (System.String path, System.IO.FileMode mode, System.IO.FileAccess access, System.IO.FileShare share, System.Int32 bufferSize, System.IO.FileOptions options) [0x00000] in <152439c387994a8da523328132967f8d>:0 
  at (wrapper remoting-invoke-with-check) System.IO.FileStream..ctor(string,System.IO.FileMode,System.IO.FileAccess,System.IO.FileShare,int,System.IO.FileOptions)
  at System.IO.StreamReader..ctor (System.String path, System.Text.Encoding encoding, System.Boolean detectEncodingFromByteOrderMarks, System.Int32 bufferSize) [0x00055] in <152439c387994a8da523328132967f8d>:0 
  at System.IO.StreamReader..ctor (System.String path, System.Text.Encoding encoding) [0x00000] in <152439c387994a8da523328132967f8d>:0 
  at (wrapper remoting-invoke-with-check) System.IO.StreamReader..ctor(string,System.Text.Encoding)
  at System.IO.File.InternalReadAllLines (System.String path, System.Text.Encoding encoding) [0x00006] in <152439c387994a8da523328132967f8d>:0 
  at System.IO.File.ReadAllLines (System.String path) [0x0002c] in <152439c387994a8da523328132967f8d>:0 
  at YG.EditorScr.DefineSymbols.ModulesDefineSymbols () [0x00035] in D:\crimsonlake\crimsonlake2\Crimson-Lake\Assets\PluginYourGames\Scripts\EditorScr\DefineSymbols.cs:157 
  at YG.EditorScr.DefineSymbols.UpdateDefineSymbols () [0x00014] in D:\crimsonlake\crimsonlake2\Crimson-Lake\Assets\PluginYourGames\Scripts\EditorScr\DefineSymbols.cs:61 
  at YG.EditorScr.DefineSymbols..cctor () [0x00029] in D:\crimsonlake\crimsonlake2\Crimson-Lake\Assets\PluginYourGames\Scripts\EditorScr\DefineSymbols.cs:34 
UnityEngine.Debug:ExtractStackTraceNoAlloc (byte*,int,string)
UnityEngine.StackTraceUtility:ExtractStackTrace ()
UnityEngine.DebugLogHandler:Internal_Log (UnityEngine.LogType,UnityEngine.LogOption,string,UnityEngine.Object)
UnityEngine.DebugLogHandler:LogFormat (UnityEngine.LogType,UnityEngine.Object,string,object[])
UnityEngine.Logger:Log (UnityEngine.LogType,object)
UnityEngine.Debug:LogError (object)
UnityEditor.EditorAssemblies:ProcessInitializeOnLoadAttributes (System.Type[])

Package Manager log level set to [2]
[Package Manager] Failed to launch server process. Reason: Unity was launched with the -noUpm command-line argument
[Package Manager] Unable to send message (not connected to server process).
[Package Manager] Cannot connect to Unity Package Manager local server
<color=white>• You are using a <b>Non-Commercial</b> version of <b>Pixelation</b> developed by <b>NullTale</b></color>.
When using this version, please remember to specify <b>Author Attribution</b> according to the <b>Licence</b> used.
------------- - - - -  -  -
A full use <b>Licence</b> can be acquired on <a href="https://assetstore.unity.com/packages/vfx/shaders/fullscreen-camera-effects/271730">Asset Store</a> or negotiated with the Author in cases of special licensing.
 
UnityEngine.Debug:ExtractStackTraceNoAlloc (byte*,int,string)
UnityEngine.StackTraceUtility:ExtractStackTrace ()
UnityEngine.DebugLogHandler:Internal_Log (UnityEngine.LogType,UnityEngine.LogOption,string,UnityEngine.Object)
UnityEngine.DebugLogHandler:LogFormat (UnityEngine.LogType,UnityEngine.Object,string,object[])
UnityEngine.Logger:Log (UnityEngine.LogType,object)
UnityEngine.Debug:Log (object)
VolFx.Editor.PassDrawer:CopyrightInfo () (at ./Library/PackageCache/www.nulltale.pixelation@97667f4bacf4/Editor/PassDrawer.cs:162)
System.Reflection.RuntimeMethodInfo:Invoke (object,System.Reflection.BindingFlags,System.Reflection.Binder,object[],System.Globalization.CultureInfo)
System.Reflection.MethodBase:Invoke (object,object[])
UnityEditor.EditorAssemblies:ProcessInitializeOnLoadMethodAttributes ()

(Filename: ./Library/PackageCache/www.nulltale.pixelation@97667f4bacf4/Editor/PassDrawer.cs Line: 162)

Mono: successfully reloaded assembly
- Finished resetting the current domain, in  0.727 seconds
Domain Reload Profiling: 1377ms
	BeginReloadAssembly (183ms)
		ExecutionOrderSort (0ms)
		DisableScriptedObjects (6ms)
		BackupInstance (0ms)
		ReleaseScriptingObjects (0ms)
		CreateAndSetChildDomain (28ms)
	RebuildCommonClasses (39ms)
	RebuildNativeTypeToScriptingClass (14ms)
	initialDomainReloadingComplete (27ms)
	LoadAllAssembliesAndSetupDomain (386ms)
		LoadAssemblies (302ms)
		RebuildTransferFunctionScriptingTraits (0ms)
		AnalyzeDomain (186ms)
			TypeCache.Refresh (138ms)
				TypeCache.ScanAssembly (126ms)
			BuildScriptInfoCaches (35ms)
			ResolveRequiredComponents (10ms)
	FinalizeReload (728ms)
		ReleaseScriptCaches (0ms)
		RebuildScriptCaches (0ms)
		SetupLoadedEditorAssemblies (531ms)
			LogAssemblyErrors (0ms)
			InitializePlatformSupportModulesInManaged (2ms)
			SetLoadedEditorAssemblies (5ms)
			BeforeProcessingInitializeOnLoad (119ms)
			ProcessInitializeOnLoadAttributes (347ms)
			ProcessInitializeOnLoadMethodAttributes (52ms)
			AfterProcessingInitializeOnLoad (5ms)
			EditorAssembliesLoaded (0ms)
		ExecutionOrderSort2 (0ms)
		AwakeInstancesAfterBackupRestoration (6ms)
Launched and connected shader compiler UnityShaderCompiler.exe after 0.01 seconds
Refreshing native plugins compatible for Editor in 0.78 ms, found 2 plugins.
Preloading 0 native plugins for Editor in 0.00 ms.
Unloading 13 Unused Serialized files (Serialized files now loaded: 0)
Unloading 4266 unused Assets / (3.9 MB). Loaded Objects now: 4975.
Memory consumption went from 115.4 MB to 111.5 MB.
Total: 6.817300 ms (FindLiveObjects: 0.447400 ms CreateObjectMapping: 0.508800 ms MarkObjects: 4.442700 ms  DeleteObjects: 1.417400 ms)

========================================================================
Received Import Request.
  Time since last request: 2292581.224991 seconds.
  path: Assets/TextureProject/SciFi Warehouse Kit/Art/Textures/bay_door_n.png
  artifactKey: Guid(a04221d57efdbe44099ce837b8996697) Importer(815301076,1909f56bfc062723c751e8b465ee728b)
Start importing Assets/TextureProject/SciFi Warehouse Kit/Art/Textures/bay_door_n.png using Guid(a04221d57efdbe44099ce837b8996697) Importer(815301076,1909f56bfc062723c751e8b465ee728b) (PreviewImporter) -> (artifact id: 'f9016d453d0ad54ec535483ca4a5f2f7') in 0.0997891 seconds
Number of updated asset objects reloaded before import = 0Number of asset objects unloaded after import = 2

========================================================================
Received Import Request.
  Time since last request: 0.310412 seconds.
  path: Assets/TextureProject/SciFi Warehouse Kit/Art/Textures/cart_n.png
  artifactKey: Guid(6e5b659e8ac295047987efbe80ab96dd) Importer(815301076,1909f56bfc062723c751e8b465ee728b)
Start importing Assets/TextureProject/SciFi Warehouse Kit/Art/Textures/cart_n.png using Guid(6e5b659e8ac295047987efbe80ab96dd) Importer(815301076,1909f56bfc062723c751e8b465ee728b) (PreviewImporter) -> (artifact id: '69740885d9150c3c59d554b8a3d9e245') in 0.0157296 seconds
Number of updated asset objects reloaded before import = 0Number of asset objects unloaded after import = 2

========================================================================
Received Import Request.
  Time since last request: 0.003427 seconds.
  path: Assets/TextureProject/SciFi Warehouse Kit/Art/Textures/cart_s.png
  artifactKey: Guid(db041cc12cae8df4e9eb1513da95a00e) Importer(815301076,1909f56bfc062723c751e8b465ee728b)
Start importing Assets/TextureProject/SciFi Warehouse Kit/Art/Textures/cart_s.png using Guid(db041cc12cae8df4e9eb1513da95a00e) Importer(815301076,1909f56bfc062723c751e8b465ee728b) (PreviewImporter) -> (artifact id: 'a249a374e89cfe006de1310e4e18eaaa') in 0.0225857 seconds
Number of updated asset objects reloaded before import = 0Number of asset objects unloaded after import = 2

========================================================================
Received Import Request.
  Time since last request: 0.363569 seconds.
  path: Assets/TextureProject/SciFi Warehouse Kit/Art/Textures/ceiling_window_a.png
  artifactKey: Guid(123b65855d59bb945af2a546b44a7e27) Importer(815301076,1909f56bfc062723c751e8b465ee728b)
Start importing Assets/TextureProject/SciFi Warehouse Kit/Art/Textures/ceiling_window_a.png using Guid(123b65855d59bb945af2a546b44a7e27) Importer(815301076,1909f56bfc062723c751e8b465ee728b) (PreviewImporter) -> (artifact id: 'c2354e302444ce6334f6e5cb4a8e6435') in 0.0155743 seconds
Number of updated asset objects reloaded before import = 0Number of asset objects unloaded after import = 2

========================================================================
Received Import Request.
  Time since last request: 0.382797 seconds.
  path: Assets/TextureProject/SciFi Warehouse Kit/Art/Textures/crate_short_a.png
  artifactKey: Guid(aea2490530f06b6479f24f2d8c79229b) Importer(815301076,1909f56bfc062723c751e8b465ee728b)
Start importing Assets/TextureProject/SciFi Warehouse Kit/Art/Textures/crate_short_a.png using Guid(aea2490530f06b6479f24f2d8c79229b) Importer(815301076,1909f56bfc062723c751e8b465ee728b) (PreviewImporter) -> (artifact id: '89f454e9afa8567449006a2ed351d166') in 0.0211363 seconds
Number of updated asset objects reloaded before import = 0Number of asset objects unloaded after import = 2

========================================================================
Received Import Request.
  Time since last request: 0.000015 seconds.
  path: Assets/TextureProject/SciFi Warehouse Kit/Art/Textures/crate_short_n.png
  artifactKey: Guid(edf3aaaffcf4f1d48ac5113102ca02cb) Importer(815301076,1909f56bfc062723c751e8b465ee728b)
Start importing Assets/TextureProject/SciFi Warehouse Kit/Art/Textures/crate_short_n.png using Guid(edf3aaaffcf4f1d48ac5113102ca02cb) Importer(815301076,1909f56bfc062723c751e8b465ee728b) (PreviewImporter) -> (artifact id: '57a8617a597bae3f114d2c202a31bc63') in 0.0327883 seconds
Number of updated asset objects reloaded before import = 0Number of asset objects unloaded after import = 2

========================================================================
Received Import Request.
  Time since last request: 0.283541 seconds.
  path: Assets/TextureProject/SciFi Warehouse Kit/Art/Textures/crate_short_s.png
  artifactKey: Guid(3015894ee920a224b9f6e318539bc507) Importer(815301076,1909f56bfc062723c751e8b465ee728b)
Start importing Assets/TextureProject/SciFi Warehouse Kit/Art/Textures/crate_short_s.png using Guid(3015894ee920a224b9f6e318539bc507) Importer(815301076,1909f56bfc062723c751e8b465ee728b) (PreviewImporter) -> (artifact id: '4672cad426a5e078f4650a26720fe833') in 0.0215038 seconds
Number of updated asset objects reloaded before import = 0Number of asset objects unloaded after import = 2

========================================================================
Received Import Request.
  Time since last request: 0.292667 seconds.
  path: Assets/TextureProject/SciFi Warehouse Kit/Art/Textures/ducts_pillars_a.png
  artifactKey: Guid(dd620208d7a733241a70fafa5ae00956) Importer(815301076,1909f56bfc062723c751e8b465ee728b)
Start importing Assets/TextureProject/SciFi Warehouse Kit/Art/Textures/ducts_pillars_a.png using Guid(dd620208d7a733241a70fafa5ae00956) Importer(815301076,1909f56bfc062723c751e8b465ee728b) (PreviewImporter) -> (artifact id: 'b4cff74710358dc49dcff3f93aaf5c88') in 0.0337562 seconds
Number of updated asset objects reloaded before import = 0Number of asset objects unloaded after import = 2

========================================================================
Received Import Request.
  Time since last request: 0.018113 seconds.
  path: Assets/TextureProject/SciFi Warehouse Kit/Art/Textures/extinguisher_a.png
  artifactKey: Guid(986145cfcac7b0849ae46bbdff06db4a) Importer(815301076,1909f56bfc062723c751e8b465ee728b)
Start importing Assets/TextureProject/SciFi Warehouse Kit/Art/Textures/extinguisher_a.png using Guid(986145cfcac7b0849ae46bbdff06db4a) Importer(815301076,1909f56bfc062723c751e8b465ee728b) (PreviewImporter) -> (artifact id: 'b4edeaa806f77064b0e9016aa9b2469b') in 0.033676 seconds
Number of updated asset objects reloaded before import = 0Number of asset objects unloaded after import = 2

========================================================================
Received Import Request.
  Time since last request: 0.533561 seconds.
  path: Assets/TextureProject/SciFi Warehouse Kit/Art/Textures/extinguisher_n.png
  artifactKey: Guid(34c2ef1ae4e13fd4f909be4cb80e2641) Importer(815301076,1909f56bfc062723c751e8b465ee728b)
Start importing Assets/TextureProject/SciFi Warehouse Kit/Art/Textures/extinguisher_n.png using Guid(34c2ef1ae4e13fd4f909be4cb80e2641) Importer(815301076,1909f56bfc062723c751e8b465ee728b) (PreviewImporter) -> (artifact id: '20cf2ef048ac145aca5f7c099335aa60') in 0.0341829 seconds
Number of updated asset objects reloaded before import = 0Number of asset objects unloaded after import = 2

========================================================================
Received Import Request.
  Time since last request: 0.018701 seconds.
  path: Assets/TextureProject/SciFi Warehouse Kit/Art/Textures/extinguisher_s.png
  artifactKey: Guid(f946a027abe17c04c993b2385163fd73) Importer(815301076,1909f56bfc062723c751e8b465ee728b)
Start importing Assets/TextureProject/SciFi Warehouse Kit/Art/Textures/extinguisher_s.png using Guid(f946a027abe17c04c993b2385163fd73) Importer(815301076,1909f56bfc062723c751e8b465ee728b) (PreviewImporter) -> (artifact id: '7dcffddbcae8696f8bd57322300bf2a1') in 0.0335428 seconds
Number of updated asset objects reloaded before import = 0Number of asset objects unloaded after import = 2

========================================================================
Received Import Request.
  Time since last request: 0.473087 seconds.
  path: Assets/TextureProject/SciFi Warehouse Kit/Art/Textures/fan_n.png
  artifactKey: Guid(3e5b45c25b7eed74880f8f97805917af) Importer(815301076,1909f56bfc062723c751e8b465ee728b)
Start importing Assets/TextureProject/SciFi Warehouse Kit/Art/Textures/fan_n.png using Guid(3e5b45c25b7eed74880f8f97805917af) Importer(815301076,1909f56bfc062723c751e8b465ee728b) (PreviewImporter) -> (artifact id: '30371d14b5619151e498dabd51c9079a') in 0.0337078 seconds
Number of updated asset objects reloaded before import = 0Number of asset objects unloaded after import = 2

========================================================================
Received Import Request.
  Time since last request: 0.431053 seconds.
  path: Assets/TextureProject/SciFi Warehouse Kit/Art/Textures/Skybox/Front.png
  artifactKey: Guid(e4b329141c218da4e85a06e04de20385) Importer(815301076,1909f56bfc062723c751e8b465ee728b)
Start importing Assets/TextureProject/SciFi Warehouse Kit/Art/Textures/Skybox/Front.png using Guid(e4b329141c218da4e85a06e04de20385) Importer(815301076,1909f56bfc062723c751e8b465ee728b) (PreviewImporter) -> (artifact id: '967a9e0aaf2f9f68e5c1fb199229125c') in 0.0136883 seconds
Number of updated asset objects reloaded before import = 0Number of asset objects unloaded after import = 2

========================================================================
Received Import Request.
  Time since last request: 0.281816 seconds.
  path: Assets/TextureProject/SciFi Warehouse Kit/Art/Textures/garbage_bin_a.png
  artifactKey: Guid(d9ae4d3b69f59704c9887f5ceb6ff8b6) Importer(815301076,1909f56bfc062723c751e8b465ee728b)
Start importing Assets/TextureProject/SciFi Warehouse Kit/Art/Textures/garbage_bin_a.png using Guid(d9ae4d3b69f59704c9887f5ceb6ff8b6) Importer(815301076,1909f56bfc062723c751e8b465ee728b) (PreviewImporter) -> (artifact id: '9a3471353c2f7000cdbfb48bc88125f0') in 0.0335357 seconds
Number of updated asset objects reloaded before import = 0Number of asset objects unloaded after import = 2

========================================================================
Received Import Request.
  Time since last request: 0.000536 seconds.
  path: Assets/Blink/Art/Characters/Stylized/Humans/Textures_Humans/HM_Accessories_T_AO.png
  artifactKey: Guid(606c77f8177c3354c88d5ea3e4499d2b) Importer(815301076,1909f56bfc062723c751e8b465ee728b)
Start importing Assets/Blink/Art/Characters/Stylized/Humans/Textures_Humans/HM_Accessories_T_AO.png using Guid(606c77f8177c3354c88d5ea3e4499d2b) Importer(815301076,1909f56bfc062723c751e8b465ee728b) (PreviewImporter) -> (artifact id: 'f03421830440a4667eb2ca8fe7244308') in 0.0223138 seconds
Number of updated asset objects reloaded before import = 0Number of asset objects unloaded after import = 2

========================================================================
Received Import Request.
  Time since last request: 0.426262 seconds.
  path: Assets/Blink 1/Art/Characters/Stylized/Humans/Textures_Humans/HM_Accessories_T_AO.png
  artifactKey: Guid(82a73290f41d30644a2215fe0c43146c) Importer(815301076,1909f56bfc062723c751e8b465ee728b)
Start importing Assets/Blink 1/Art/Characters/Stylized/Humans/Textures_Humans/HM_Accessories_T_AO.png using Guid(82a73290f41d30644a2215fe0c43146c) Importer(815301076,1909f56bfc062723c751e8b465ee728b) (PreviewImporter) -> (artifact id: 'd805ffe27e818b65f3145fee11cde338') in 0.0074755 seconds
Number of updated asset objects reloaded before import = 0Number of asset objects unloaded after import = 2

========================================================================
Received Import Request.
  Time since last request: 1.424068 seconds.
  path: Assets/Blink 1/Art/Characters/Stylized/Humans/Textures_Humans/HM_Accessories_T_Metallic.png
  artifactKey: Guid(ca7645213147a354c8b2855f71eb39fe) Importer(815301076,1909f56bfc062723c751e8b465ee728b)
Start importing Assets/Blink 1/Art/Characters/Stylized/Humans/Textures_Humans/HM_Accessories_T_Metallic.png using Guid(ca7645213147a354c8b2855f71eb39fe) Importer(815301076,1909f56bfc062723c751e8b465ee728b) (PreviewImporter) -> (artifact id: '41bafbf4b3d7d623b422e9f02618325d') in 0.0565055 seconds
Number of updated asset objects reloaded before import = 0Number of asset objects unloaded after import = 2

========================================================================
Received Import Request.
  Time since last request: 0.000013 seconds.
  path: Assets/Blink 2/Art/Characters/Stylized/Humans/Textures_Humans/HM_Body_Metallic.png
  artifactKey: Guid(480106c37f0bb484582b9f9e70c19b91) Importer(815301076,1909f56bfc062723c751e8b465ee728b)
Start importing Assets/Blink 2/Art/Characters/Stylized/Humans/Textures_Humans/HM_Body_Metallic.png using Guid(480106c37f0bb484582b9f9e70c19b91) Importer(815301076,1909f56bfc062723c751e8b465ee728b) (PreviewImporter) -> (artifact id: '06739a15efeb0e0f5fa6e6efd6aba286') in 0.0384699 seconds
Number of updated asset objects reloaded before import = 0Number of asset objects unloaded after import = 2

========================================================================
Received Import Request.
  Time since last request: 0.000016 seconds.
  path: Assets/Blink 1/Art/Characters/Stylized/Humans/Textures_Humans/HM_Eyes_BaseColor.png
  artifactKey: Guid(dee87d185f2dcb249b2be05e4a134ee8) Importer(815301076,1909f56bfc062723c751e8b465ee728b)
Start importing Assets/Blink 1/Art/Characters/Stylized/Humans/Textures_Humans/HM_Eyes_BaseColor.png using Guid(dee87d185f2dcb249b2be05e4a134ee8) Importer(815301076,1909f56bfc062723c751e8b465ee728b) (PreviewImporter) -> (artifact id: 'ec3f87ca035c063441c525e057297a4a') in 0.0120686 seconds
Number of updated asset objects reloaded before import = 0Number of asset objects unloaded after import = 2

========================================================================
Received Import Request.
  Time since last request: 0.000022 seconds.
  path: Assets/Blink 1/Art/Characters/Stylized/Humans/Textures_Humans/HM_Hair_2_AO.png
  artifactKey: Guid(bbafdff6ba13c514f9a97b73ebbc5a06) Importer(815301076,1909f56bfc062723c751e8b465ee728b)
Start importing Assets/Blink 1/Art/Characters/Stylized/Humans/Textures_Humans/HM_Hair_2_AO.png using Guid(bbafdff6ba13c514f9a97b73ebbc5a06) Importer(815301076,1909f56bfc062723c751e8b465ee728b) (PreviewImporter) -> (artifact id: '14aff8207cf43e89b405321bcc1bc4ab') in 0.0194409 seconds
Number of updated asset objects reloaded before import = 0Number of asset objects unloaded after import = 2

========================================================================
Received Import Request.
  Time since last request: 0.000015 seconds.
  path: Assets/Blink 2/Art/Characters/Stylized/Humans/Armors_Humans/Textures_ArmorsHumans/StarterArmor_AO.png
  artifactKey: Guid(9ad3c427b1488704690e51d6be363cf9) Importer(815301076,1909f56bfc062723c751e8b465ee728b)
Start importing Assets/Blink 2/Art/Characters/Stylized/Humans/Armors_Humans/Textures_ArmorsHumans/StarterArmor_AO.png using Guid(9ad3c427b1488704690e51d6be363cf9) Importer(815301076,1909f56bfc062723c751e8b465ee728b) (PreviewImporter) -> (artifact id: 'e6c0d4019ae44045697352e8d7b60296') in 0.0322667 seconds
Number of updated asset objects reloaded before import = 0Number of asset objects unloaded after import = 2

========================================================================
Received Import Request.
  Time since last request: 0.000015 seconds.
  path: Assets/TextureProject/Devkit/Textures/prototype_512x512_red.png
  artifactKey: Guid(60d31e3712772ed478f7aec92db2b3a1) Importer(815301076,1909f56bfc062723c751e8b465ee728b)
Start importing Assets/TextureProject/Devkit/Textures/prototype_512x512_red.png using Guid(60d31e3712772ed478f7aec92db2b3a1) Importer(815301076,1909f56bfc062723c751e8b465ee728b) (PreviewImporter) -> (artifact id: '162d5d7d1b0c03da51496673738127f3') in 0.0235185 seconds
Number of updated asset objects reloaded before import = 0Number of asset objects unloaded after import = 2

========================================================================
Received Import Request.
  Time since last request: 0.000015 seconds.
  path: Assets/Blink 2/Art/Characters/Stylized/Humans/Armors_Humans/Textures_ArmorsHumans/StarterArmor_Roughness.png
  artifactKey: Guid(9319f7e48d4165b4cb17a0a80fb9eeae) Importer(815301076,1909f56bfc062723c751e8b465ee728b)
Start importing Assets/Blink 2/Art/Characters/Stylized/Humans/Armors_Humans/Textures_ArmorsHumans/StarterArmor_Roughness.png using Guid(9319f7e48d4165b4cb17a0a80fb9eeae) Importer(815301076,1909f56bfc062723c751e8b465ee728b) (PreviewImporter) -> (artifact id: '2a443da6b1f6378a3aeebed6603eab0d') in 0.0339265 seconds
Number of updated asset objects reloaded before import = 0Number of asset objects unloaded after import = 2

========================================================================
Received Import Request.
  Time since last request: 0.000016 seconds.
  path: Assets/Blink/Art/Characters/Stylized/Humans/Textures_Humans/HM_Body_Roughness.png
  artifactKey: Guid(82d06498fc0688c4e96b3abe23120b54) Importer(815301076,1909f56bfc062723c751e8b465ee728b)
Start importing Assets/Blink/Art/Characters/Stylized/Humans/Textures_Humans/HM_Body_Roughness.png using Guid(82d06498fc0688c4e96b3abe23120b54) Importer(815301076,1909f56bfc062723c751e8b465ee728b) (PreviewImporter) -> (artifact id: '9581cf0436c87b7e0f3d51034ce818e6') in 0.0223188 seconds
Number of updated asset objects reloaded before import = 0Number of asset objects unloaded after import = 2

========================================================================
Received Import Request.
  Time since last request: 0.000025 seconds.
  path: Assets/Blink/Art/Characters/Stylized/Humans/Textures_Humans/HM_Face_1_Normal.png
  artifactKey: Guid(2fe3f27a06fab9942b92f134a4692435) Importer(815301076,1909f56bfc062723c751e8b465ee728b)
Start importing Assets/Blink/Art/Characters/Stylized/Humans/Textures_Humans/HM_Face_1_Normal.png using Guid(2fe3f27a06fab9942b92f134a4692435) Importer(815301076,1909f56bfc062723c751e8b465ee728b) (PreviewImporter) -> (artifact id: '079a293f4f99fba72c64a1cd6bef7339') in 0.0156602 seconds
Number of updated asset objects reloaded before import = 0Number of asset objects unloaded after import = 2

========================================================================
Received Import Request.
  Time since last request: 0.000013 seconds.
  path: Assets/TextureProject/Devkit/Textures/prototype_512x512_grey2.png
  artifactKey: Guid(487094730995bc945a562ce2291c68e1) Importer(815301076,1909f56bfc062723c751e8b465ee728b)
Start importing Assets/TextureProject/Devkit/Textures/prototype_512x512_grey2.png using Guid(487094730995bc945a562ce2291c68e1) Importer(815301076,1909f56bfc062723c751e8b465ee728b) (PreviewImporter) -> (artifact id: 'f61083cdeebd0ad77cc6957251a4383a') in 0.0160454 seconds
Number of updated asset objects reloaded before import = 0Number of asset objects unloaded after import = 2

========================================================================
Received Import Request.
  Time since last request: 0.000019 seconds.
  path: Assets/Blink 1/Art/Characters/Stylized/Humans/Textures_Humans/HM_Eyes_Metallic.png
  artifactKey: Guid(10d37fd9f9fd67a4eae403a5f05336ef) Importer(815301076,1909f56bfc062723c751e8b465ee728b)
Start importing Assets/Blink 1/Art/Characters/Stylized/Humans/Textures_Humans/HM_Eyes_Metallic.png using Guid(10d37fd9f9fd67a4eae403a5f05336ef) Importer(815301076,1909f56bfc062723c751e8b465ee728b) (PreviewImporter) -> (artifact id: '5d72353dde001c37eb87eb0f83e69d72') in 0.0055905 seconds
Number of updated asset objects reloaded before import = 0Number of asset objects unloaded after import = 2

========================================================================
Received Import Request.
  Time since last request: 0.000014 seconds.
  path: Assets/Blink 1/Art/Characters/Stylized/Humans/Textures_Humans/HM_Hair_2_Metallic.png
  artifactKey: Guid(75f839c0995bfe94b9d699f18e42b5eb) Importer(815301076,1909f56bfc062723c751e8b465ee728b)
Start importing Assets/Blink 1/Art/Characters/Stylized/Humans/Textures_Humans/HM_Hair_2_Metallic.png using Guid(75f839c0995bfe94b9d699f18e42b5eb) Importer(815301076,1909f56bfc062723c751e8b465ee728b) (PreviewImporter) -> (artifact id: 'a4ce0fd575b7b5d95f1f5fd2657bf3f2') in 0.0218197 seconds
Number of updated asset objects reloaded before import = 0Number of asset objects unloaded after import = 2

========================================================================
Received Import Request.
  Time since last request: 0.000015 seconds.
  path: Assets/Blink/Art/Characters/Stylized/Humans/Textures_Humans/HM_Hair_1_Roughness.png
  artifactKey: Guid(aa421fbf2a3cd4141b562bb7f623769b) Importer(815301076,1909f56bfc062723c751e8b465ee728b)
Start importing Assets/Blink/Art/Characters/Stylized/Humans/Textures_Humans/HM_Hair_1_Roughness.png using Guid(aa421fbf2a3cd4141b562bb7f623769b) Importer(815301076,1909f56bfc062723c751e8b465ee728b) (PreviewImporter) -> (artifact id: 'e4ab8a6bc5124cca1eb6e8ad57799615') in 0.0158471 seconds
Number of updated asset objects reloaded before import = 0Number of asset objects unloaded after import = 2

========================================================================
Received Import Request.
  Time since last request: 0.000015 seconds.
  path: Assets/Blink 2/Art/Characters/Stylized/Humans/Textures_Humans/HM_Eyebrows_Roughness.png
  artifactKey: Guid(04a2cf564c466eb4e80cc3bb4cf93bac) Importer(815301076,1909f56bfc062723c751e8b465ee728b)
Start importing Assets/Blink 2/Art/Characters/Stylized/Humans/Textures_Humans/HM_Eyebrows_Roughness.png using Guid(04a2cf564c466eb4e80cc3bb4cf93bac) Importer(815301076,1909f56bfc062723c751e8b465ee728b) (PreviewImporter) -> (artifact id: 'dcf5022348b8b5b46f06d2c9bf9196f9') in 0.0314664 seconds
Number of updated asset objects reloaded before import = 0Number of asset objects unloaded after import = 2

========================================================================
Received Import Request.
  Time since last request: 0.000025 seconds.
  path: Assets/Blink 1/Art/Characters/Stylized/Humans/Textures_Humans/HM_Hair_1_Roughness.png
  artifactKey: Guid(6ff518ac4c36c1548802b2c83f939e44) Importer(815301076,1909f56bfc062723c751e8b465ee728b)
Start importing Assets/Blink 1/Art/Characters/Stylized/Humans/Textures_Humans/HM_Hair_1_Roughness.png using Guid(6ff518ac4c36c1548802b2c83f939e44) Importer(815301076,1909f56bfc062723c751e8b465ee728b) (PreviewImporter) -> (artifact id: '2b8c09b4488a5e494b2e6e3982fd7f5f') in 0.0159755 seconds
Number of updated asset objects reloaded before import = 0Number of asset objects unloaded after import = 2

========================================================================
Received Import Request.
  Time since last request: 0.000014 seconds.
  path: Assets/Blink 2/Art/Characters/Stylized/Humans/Textures_Humans/HM_Body_Roughness.png
  artifactKey: Guid(18f682c14362def47b3d27477849cc4b) Importer(815301076,1909f56bfc062723c751e8b465ee728b)
Start importing Assets/Blink 2/Art/Characters/Stylized/Humans/Textures_Humans/HM_Body_Roughness.png using Guid(18f682c14362def47b3d27477849cc4b) Importer(815301076,1909f56bfc062723c751e8b465ee728b) (PreviewImporter) -> (artifact id: '8a25c5238723d33fc60a48c457c6aa7b') in 0.0164091 seconds
Number of updated asset objects reloaded before import = 0Number of asset objects unloaded after import = 2

========================================================================
Received Import Request.
  Time since last request: 0.000014 seconds.
  path: Assets/PluginYourGames/Modules/Localization/Scripts/Editor/Icons/Localization.png
  artifactKey: Guid(1c02ca52afc13bc4bad3947dcde8e368) Importer(815301076,1909f56bfc062723c751e8b465ee728b)
Start importing Assets/PluginYourGames/Modules/Localization/Scripts/Editor/Icons/Localization.png using Guid(1c02ca52afc13bc4bad3947dcde8e368) Importer(815301076,1909f56bfc062723c751e8b465ee728b) (PreviewImporter) -> (artifact id: 'e0da60b069be9543044e8c16fe1f760f') in 0.012313 seconds
Number of updated asset objects reloaded before import = 0Number of asset objects unloaded after import = 2

========================================================================
Received Import Request.
  Time since last request: 0.000013 seconds.
  path: Assets/TextureProject/SciFi Warehouse Kit/Art/Textures/wall_light_n.png
  artifactKey: Guid(e5c035cbc7f7b954597a86f8f942fd6a) Importer(815301076,1909f56bfc062723c751e8b465ee728b)
Start importing Assets/TextureProject/SciFi Warehouse Kit/Art/Textures/wall_light_n.png using Guid(e5c035cbc7f7b954597a86f8f942fd6a) Importer(815301076,1909f56bfc062723c751e8b465ee728b) (PreviewImporter) -> (artifact id: '6c44e60b9adb3ca9ac8bafc511977713') in 0.0178916 seconds
Number of updated asset objects reloaded before import = 0Number of asset objects unloaded after import = 2

========================================================================
Received Import Request.
  Time since last request: 0.000014 seconds.
  path: Assets/Blink 2/Art/Characters/Stylized/Humans/Textures_Humans/HM_Eyes_BaseColor.png
  artifactKey: Guid(85767f806d21e764bae1bfe2e8952d75) Importer(815301076,1909f56bfc062723c751e8b465ee728b)
Start importing Assets/Blink 2/Art/Characters/Stylized/Humans/Textures_Humans/HM_Eyes_BaseColor.png using Guid(85767f806d21e764bae1bfe2e8952d75) Importer(815301076,1909f56bfc062723c751e8b465ee728b) (PreviewImporter) -> (artifact id: 'bd9fc7ba58b2d45c72142ccf2f5c2832') in 0.0126136 seconds
Number of updated asset objects reloaded before import = 0Number of asset objects unloaded after import = 2

========================================================================
Received Import Request.
  Time since last request: 0.000017 seconds.
  path: Assets/Blink 2/Art/Characters/Stylized/Humans/Textures_Humans/HM_Accessories_T_Roughness.png
  artifactKey: Guid(8d225f257f97323478afff066b91f102) Importer(815301076,1909f56bfc062723c751e8b465ee728b)
Start importing Assets/Blink 2/Art/Characters/Stylized/Humans/Textures_Humans/HM_Accessories_T_Roughness.png using Guid(8d225f257f97323478afff066b91f102) Importer(815301076,1909f56bfc062723c751e8b465ee728b) (PreviewImporter) -> (artifact id: '893ae0771b69900283fcee64689444d4') in 0.0262759 seconds
Number of updated asset objects reloaded before import = 0Number of asset objects unloaded after import = 2

========================================================================
Received Import Request.
  Time since last request: 0.000022 seconds.
  path: Assets/Blink 1/Art/Characters/Stylized/Humans/Armors_Humans/Textures_ArmorsHumans/StarterArmor_Roughness.png
  artifactKey: Guid(a76604579a87bae4da21bb04808529fb) Importer(815301076,1909f56bfc062723c751e8b465ee728b)
Start importing Assets/Blink 1/Art/Characters/Stylized/Humans/Armors_Humans/Textures_ArmorsHumans/StarterArmor_Roughness.png using Guid(a76604579a87bae4da21bb04808529fb) Importer(815301076,1909f56bfc062723c751e8b465ee728b) (PreviewImporter) -> (artifact id: '9d5c8dd43dc141b7b2c3ff7ecafed73c') in 0.0180331 seconds
Number of updated asset objects reloaded before import = 0Number of asset objects unloaded after import = 2

========================================================================
Received Import Request.
  Time since last request: 0.000017 seconds.
  path: Assets/Blink/Art/Characters/Stylized/Humans/Textures_Humans/HM_Hair_1_Metallic.png
  artifactKey: Guid(dc52fff855c43084d8b4ac321e14dbaf) Importer(815301076,1909f56bfc062723c751e8b465ee728b)
Start importing Assets/Blink/Art/Characters/Stylized/Humans/Textures_Humans/HM_Hair_1_Metallic.png using Guid(dc52fff855c43084d8b4ac321e14dbaf) Importer(815301076,1909f56bfc062723c751e8b465ee728b) (PreviewImporter) -> (artifact id: '9ff496c52aed1767c5316bf2c762c101') in 0.0182343 seconds
Number of updated asset objects reloaded before import = 0Number of asset objects unloaded after import = 2

========================================================================
Received Import Request.
  Time since last request: 0.000018 seconds.
  path: Assets/Blink 1/Art/Characters/Stylized/Humans/Textures_Humans/HM_Body_BaseColor.png
  artifactKey: Guid(1addbf086d2c5a44f93d95f6381026f0) Importer(815301076,1909f56bfc062723c751e8b465ee728b)
Start importing Assets/Blink 1/Art/Characters/Stylized/Humans/Textures_Humans/HM_Body_BaseColor.png using Guid(1addbf086d2c5a44f93d95f6381026f0) Importer(815301076,1909f56bfc062723c751e8b465ee728b) (PreviewImporter) -> (artifact id: '6a3fbc7efed2ff90bc1dbe4a170bce4f') in 0.0146589 seconds
Number of updated asset objects reloaded before import = 0Number of asset objects unloaded after import = 2

========================================================================
Received Import Request.
  Time since last request: 0.000017 seconds.
  path: Assets/Blink/Art/Characters/Stylized/Humans/Textures_Humans/HM_Hair_2_Normal.png
  artifactKey: Guid(9ae2fb8e01588b3439fc011662249965) Importer(815301076,1909f56bfc062723c751e8b465ee728b)
Start importing Assets/Blink/Art/Characters/Stylized/Humans/Textures_Humans/HM_Hair_2_Normal.png using Guid(9ae2fb8e01588b3439fc011662249965) Importer(815301076,1909f56bfc062723c751e8b465ee728b) (PreviewImporter) -> (artifact id: '6dee2b863bae215bb118426117b1fc9b') in 0.0165391 seconds
Number of updated asset objects reloaded before import = 0Number of asset objects unloaded after import = 2

========================================================================
Received Import Request.
  Time since last request: 0.000017 seconds.
  path: Assets/Blink/Art/Characters/Stylized/Humans/Armors_Humans/Textures_ArmorsHumans/StarterArmor_AO.png
  artifactKey: Guid(9ad94f6f35f70b34fbbd2849cf447245) Importer(815301076,1909f56bfc062723c751e8b465ee728b)
Start importing Assets/Blink/Art/Characters/Stylized/Humans/Armors_Humans/Textures_ArmorsHumans/StarterArmor_AO.png using Guid(9ad94f6f35f70b34fbbd2849cf447245) Importer(815301076,1909f56bfc062723c751e8b465ee728b) (PreviewImporter) -> (artifact id: 'c672be0b677cbd2fb95ac1a279c62152') in 0.0159606 seconds
Number of updated asset objects reloaded before import = 0Number of asset objects unloaded after import = 2

========================================================================
Received Import Request.
  Time since last request: 0.000028 seconds.
  path: Assets/Blink 1/Art/Characters/Stylized/Humans/Textures_Humans/HM_Face_1_Metallic.png
  artifactKey: Guid(f3bcc2c08fb7b344d898a1e2d83840ca) Importer(815301076,1909f56bfc062723c751e8b465ee728b)
Start importing Assets/Blink 1/Art/Characters/Stylized/Humans/Textures_Humans/HM_Face_1_Metallic.png using Guid(f3bcc2c08fb7b344d898a1e2d83840ca) Importer(815301076,1909f56bfc062723c751e8b465ee728b) (PreviewImporter) -> (artifact id: 'fe1ba05eb4f1bc0b95267641c1a80df3') in 0.0214723 seconds
Number of updated asset objects reloaded before import = 0Number of asset objects unloaded after import = 2

========================================================================
Received Import Request.
  Time since last request: 0.000022 seconds.
  path: Assets/TextureProject/The Developer Train/Sci Fi Guns/images/lightning.png
  artifactKey: Guid(42b9880e5f467084c84dbe3bfc21cf77) Importer(815301076,1909f56bfc062723c751e8b465ee728b)
Start importing Assets/TextureProject/The Developer Train/Sci Fi Guns/images/lightning.png using Guid(42b9880e5f467084c84dbe3bfc21cf77) Importer(815301076,1909f56bfc062723c751e8b465ee728b) (PreviewImporter) -> (artifact id: '25354a72fc200f42382d6a20763e2053') in 0.0161777 seconds
Number of updated asset objects reloaded before import = 0Number of asset objects unloaded after import = 2

========================================================================
Received Import Request.
  Time since last request: 0.000017 seconds.
  path: Assets/Blink 1/Art/Characters/Stylized/Humans/Textures_Humans/HM_Eyebrows_BaseColor.png
  artifactKey: Guid(25dd528e48ccb794bbb501480e863f33) Importer(815301076,1909f56bfc062723c751e8b465ee728b)
Start importing Assets/Blink 1/Art/Characters/Stylized/Humans/Textures_Humans/HM_Eyebrows_BaseColor.png using Guid(25dd528e48ccb794bbb501480e863f33) Importer(815301076,1909f56bfc062723c751e8b465ee728b) (PreviewImporter) -> (artifact id: '2877dd4d8360fbea88b474ae4d944ea2') in 0.0151112 seconds
Number of updated asset objects reloaded before import = 0Number of asset objects unloaded after import = 2

========================================================================
Received Import Request.
  Time since last request: 0.000014 seconds.
  path: Assets/TextureProject/Devkit/Textures/light_chess.png
  artifactKey: Guid(7be46a765755b164d96f60a4d8c5bf9a) Importer(815301076,1909f56bfc062723c751e8b465ee728b)
Start importing Assets/TextureProject/Devkit/Textures/light_chess.png using Guid(7be46a765755b164d96f60a4d8c5bf9a) Importer(815301076,1909f56bfc062723c751e8b465ee728b) (PreviewImporter) -> (artifact id: '5f314b49cad3fb57111cd001196b8d7e') in 0.0149774 seconds
Number of updated asset objects reloaded before import = 0Number of asset objects unloaded after import = 2

========================================================================
Received Import Request.
  Time since last request: 0.000019 seconds.
  path: Assets/TextureProject/SciFi Warehouse Kit/Art/Textures/walls_r.png
  artifactKey: Guid(74784f858e1a70842a44ed79e28364fe) Importer(815301076,1909f56bfc062723c751e8b465ee728b)
Start importing Assets/TextureProject/SciFi Warehouse Kit/Art/Textures/walls_r.png using Guid(74784f858e1a70842a44ed79e28364fe) Importer(815301076,1909f56bfc062723c751e8b465ee728b) (PreviewImporter) -> (artifact id: '9438283626977d9cb1dc40f1e1df2fe6') in 0.0254557 seconds
Number of updated asset objects reloaded before import = 0Number of asset objects unloaded after import = 2

========================================================================
Received Import Request.
  Time since last request: 0.000027 seconds.
  path: Assets/TextureProject/SciFi Warehouse Kit/Art/Textures/pallet_r.png
  artifactKey: Guid(96c758caa62686f4f9f86cc53d87b465) Importer(815301076,1909f56bfc062723c751e8b465ee728b)
Start importing Assets/TextureProject/SciFi Warehouse Kit/Art/Textures/pallet_r.png using Guid(96c758caa62686f4f9f86cc53d87b465) Importer(815301076,1909f56bfc062723c751e8b465ee728b) (PreviewImporter) -> (artifact id: 'eb97c09ec71990b86dee07c6d047780b') in 0.0265512 seconds
Number of updated asset objects reloaded before import = 0Number of asset objects unloaded after import = 2

========================================================================
Received Import Request.
  Time since last request: 0.000013 seconds.
  path: Assets/Blink/Art/Characters/Stylized/Humans/Textures_Humans/HM_Accessories_T_Normal.png
  artifactKey: Guid(05aa1ee981ed6b34ea6486e8b67dc5a3) Importer(815301076,1909f56bfc062723c751e8b465ee728b)
Start importing Assets/Blink/Art/Characters/Stylized/Humans/Textures_Humans/HM_Accessories_T_Normal.png using Guid(05aa1ee981ed6b34ea6486e8b67dc5a3) Importer(815301076,1909f56bfc062723c751e8b465ee728b) (PreviewImporter) -> (artifact id: 'e076c977923841b41fa9a549ab031049') in 0.0165549 seconds
Number of updated asset objects reloaded before import = 0Number of asset objects unloaded after import = 2

========================================================================
Received Import Request.
  Time since last request: 0.000013 seconds.
  path: Assets/Blink 2/Art/Characters/Stylized/Humans/Textures_Humans/HM_Face_1_AO.png
  artifactKey: Guid(44b9370cf23b8b6418d5214183028061) Importer(815301076,1909f56bfc062723c751e8b465ee728b)
Start importing Assets/Blink 2/Art/Characters/Stylized/Humans/Textures_Humans/HM_Face_1_AO.png using Guid(44b9370cf23b8b6418d5214183028061) Importer(815301076,1909f56bfc062723c751e8b465ee728b) (PreviewImporter) -> (artifact id: '924d1ab422d7e51f804ca775b5d02dc7') in 0.0060511 seconds
Number of updated asset objects reloaded before import = 0Number of asset objects unloaded after import = 2

========================================================================
Received Import Request.
  Time since last request: 0.760774 seconds.
  path: Assets/TextureProject/SciFi Warehouse Kit/Art/Textures/Wall Alpha a.png
  artifactKey: Guid(b6df1a2e752aedc488cd14ff782e2d72) Importer(815301076,1909f56bfc062723c751e8b465ee728b)
Start importing Assets/TextureProject/SciFi Warehouse Kit/Art/Textures/Wall Alpha a.png using Guid(b6df1a2e752aedc488cd14ff782e2d72) Importer(815301076,1909f56bfc062723c751e8b465ee728b) (PreviewImporter) -> (artifact id: '7bd4765119cbf7c5ae97275aa11b3c1f') in 0.013685 seconds
Number of updated asset objects reloaded before import = 0Number of asset objects unloaded after import = 2

========================================================================
Received Import Request.
  Time since last request: 0.000012 seconds.
  path: Assets/TextureProject/SciFi Warehouse Kit/Art/Textures/walkway_s.png
  artifactKey: Guid(d4a0192731ef5504687e44bbe0837a5f) Importer(815301076,1909f56bfc062723c751e8b465ee728b)
Start importing Assets/TextureProject/SciFi Warehouse Kit/Art/Textures/walkway_s.png using Guid(d4a0192731ef5504687e44bbe0837a5f) Importer(815301076,1909f56bfc062723c751e8b465ee728b) (PreviewImporter) -> (artifact id: '0f22e864e70466f89f36f8afa366ea47') in 0.022007 seconds
Number of updated asset objects reloaded before import = 0Number of asset objects unloaded after import = 2

========================================================================
Received Import Request.
  Time since last request: 0.004773 seconds.
  path: Assets/TextureProject/SciFi Warehouse Kit/Art/Textures/Skybox/Up.png
  artifactKey: Guid(3c564301b9820a14e9455ebdcc20a898) Importer(815301076,1909f56bfc062723c751e8b465ee728b)
Start importing Assets/TextureProject/SciFi Warehouse Kit/Art/Textures/Skybox/Up.png using Guid(3c564301b9820a14e9455ebdcc20a898) Importer(815301076,1909f56bfc062723c751e8b465ee728b) (PreviewImporter) -> (artifact id: 'ee0db3133a54cde8eb0f529c86a5463a') in 0.0130195 seconds
Number of updated asset objects reloaded before import = 0Number of asset objects unloaded after import = 2

========================================================================
Received Import Request.
  Time since last request: 0.378545 seconds.
  path: Assets/TextureProject/Textile chair/Texture/Texture_textile.png
  artifactKey: Guid(efe076efcbccf4b3196d06e39875cb5c) Importer(815301076,1909f56bfc062723c751e8b465ee728b)
Start importing Assets/TextureProject/Textile chair/Texture/Texture_textile.png using Guid(efe076efcbccf4b3196d06e39875cb5c) Importer(815301076,1909f56bfc062723c751e8b465ee728b) (PreviewImporter) -> (artifact id: '8a617e8f8e699cfc5a29bbee8f5fddf0') in 0.0156412 seconds
Number of updated asset objects reloaded before import = 0Number of asset objects unloaded after import = 2

========================================================================
Received Import Request.
  Time since last request: 0.002277 seconds.
  path: Assets/TextureProject/SciFi Warehouse Kit/Art/Textures/structure_props_s.png
  artifactKey: Guid(aa60ea3c5d53e5940a26d7f5b87c2055) Importer(815301076,1909f56bfc062723c751e8b465ee728b)
Start importing Assets/TextureProject/SciFi Warehouse Kit/Art/Textures/structure_props_s.png using Guid(aa60ea3c5d53e5940a26d7f5b87c2055) Importer(815301076,1909f56bfc062723c751e8b465ee728b) (PreviewImporter) -> (artifact id: '990618740bb26fd020db7902bda1828e') in 0.0248773 seconds
Number of updated asset objects reloaded before import = 0Number of asset objects unloaded after import = 2

========================================================================
Received Import Request.
  Time since last request: 0.003343 seconds.
  path: Assets/TextureProject/SciFi Warehouse Kit/Art/Textures/structure_props_m.png
  artifactKey: Guid(180006863563757409d719cea828251c) Importer(815301076,1909f56bfc062723c751e8b465ee728b)
Start importing Assets/TextureProject/SciFi Warehouse Kit/Art/Textures/structure_props_m.png using Guid(180006863563757409d719cea828251c) Importer(815301076,1909f56bfc062723c751e8b465ee728b) (PreviewImporter) -> (artifact id: 'bb13876eb646142bc8814735b89444af') in 0.0293862 seconds
Number of updated asset objects reloaded before import = 0Number of asset objects unloaded after import = 2

========================================================================
Received Import Request.
  Time since last request: 0.524462 seconds.
  path: Assets/TextureProject/SciFi Warehouse Kit/Art/Textures/structure_props_a.png
  artifactKey: Guid(d323d35d0f47e0444afc48f7d9866119) Importer(815301076,1909f56bfc062723c751e8b465ee728b)
Start importing Assets/TextureProject/SciFi Warehouse Kit/Art/Textures/structure_props_a.png using Guid(d323d35d0f47e0444afc48f7d9866119) Importer(815301076,1909f56bfc062723c751e8b465ee728b) (PreviewImporter) -> (artifact id: 'c05fb2be2e2049ecba067516973ac416') in 0.0214465 seconds
Number of updated asset objects reloaded before import = 0Number of asset objects unloaded after import = 2

========================================================================
Received Import Request.
  Time since last request: 0.026608 seconds.
  path: Assets/TextureProject/SciFi Warehouse Kit/Art/Textures/structure_misc_s.png
  artifactKey: Guid(d3c6ad91f086afa458657799954de551) Importer(815301076,1909f56bfc062723c751e8b465ee728b)
Start importing Assets/TextureProject/SciFi Warehouse Kit/Art/Textures/structure_misc_s.png using Guid(d3c6ad91f086afa458657799954de551) Importer(815301076,1909f56bfc062723c751e8b465ee728b) (PreviewImporter) -> (artifact id: '88c7d3a5a4e5108566b7dcdd742ec9af') in 0.0211077 seconds
Number of updated asset objects reloaded before import = 0Number of asset objects unloaded after import = 2

========================================================================
Received Import Request.
  Time since last request: 1.937047 seconds.
  path: Assets/Blink/Art/Characters/Stylized/Humans/Armors_Humans/Textures_ArmorsHumans/StarterArmor_Metallic.png
  artifactKey: Guid(db908c9fe4a953e48b2012ab87881eb4) Importer(815301076,1909f56bfc062723c751e8b465ee728b)
Start importing Assets/Blink/Art/Characters/Stylized/Humans/Armors_Humans/Textures_ArmorsHumans/StarterArmor_Metallic.png using Guid(db908c9fe4a953e48b2012ab87881eb4) Importer(815301076,1909f56bfc062723c751e8b465ee728b) (PreviewImporter) -> (artifact id: 'c986c28f459c130c4a03ea233338f5be') in 0.0296886 seconds
Number of updated asset objects reloaded before import = 0Number of asset objects unloaded after import = 2

========================================================================
Received Import Request.
  Time since last request: 0.203683 seconds.
  path: Assets/Blink 1/Art/Characters/Stylized/Humans/Armors_Humans/Textures_ArmorsHumans/StarterArmor_BaseColor3.png
  artifactKey: Guid(f06373cbddcad6040b9df29b1a80bcde) Importer(815301076,1909f56bfc062723c751e8b465ee728b)
Start importing Assets/Blink 1/Art/Characters/Stylized/Humans/Armors_Humans/Textures_ArmorsHumans/StarterArmor_BaseColor3.png using Guid(f06373cbddcad6040b9df29b1a80bcde) Importer(815301076,1909f56bfc062723c751e8b465ee728b) (PreviewImporter) -> (artifact id: '51854d45deead2c3335ccda83e915f04') in 0.0487074 seconds
Number of updated asset objects reloaded before import = 0Number of asset objects unloaded after import = 2

========================================================================
Received Import Request.
  Time since last request: 0.169164 seconds.
  path: Assets/Blink 1/Art/Characters/Stylized/Humans/Armors_Humans/Textures_ArmorsHumans/StarterArmor_BaseColor2.png
  artifactKey: Guid(e2e9c384f7eb8264396f4bd147e70f47) Importer(815301076,1909f56bfc062723c751e8b465ee728b)
Start importing Assets/Blink 1/Art/Characters/Stylized/Humans/Armors_Humans/Textures_ArmorsHumans/StarterArmor_BaseColor2.png using Guid(e2e9c384f7eb8264396f4bd147e70f47) Importer(815301076,1909f56bfc062723c751e8b465ee728b) (PreviewImporter) -> (artifact id: '40db75c5fa919b8bd1c2b09302402682') in 0.0221292 seconds
Number of updated asset objects reloaded before import = 0Number of asset objects unloaded after import = 2

========================================================================
Received Import Request.
  Time since last request: 0.505598 seconds.
  path: Assets/TextureProject/SciFi Warehouse Kit/Art/Textures/stairs_a.png
  artifactKey: Guid(115de000336353d4f822bcb224d8c6a3) Importer(815301076,1909f56bfc062723c751e8b465ee728b)
Start importing Assets/TextureProject/SciFi Warehouse Kit/Art/Textures/stairs_a.png using Guid(115de000336353d4f822bcb224d8c6a3) Importer(815301076,1909f56bfc062723c751e8b465ee728b) (PreviewImporter) -> (artifact id: 'd885e0ccf5505b743c79252f30ac97f6') in 0.0476207 seconds
Number of updated asset objects reloaded before import = 0Number of asset objects unloaded after import = 2

========================================================================
Received Import Request.
  Time since last request: 0.171826 seconds.
  path: Assets/PluginYourGames/Scripts/EditorScr/Editor/Icons/Settings.png
  artifactKey: Guid(9925063d15d384e4ca964d01350a243b) Importer(815301076,1909f56bfc062723c751e8b465ee728b)
Start importing Assets/PluginYourGames/Scripts/EditorScr/Editor/Icons/Settings.png using Guid(9925063d15d384e4ca964d01350a243b) Importer(815301076,1909f56bfc062723c751e8b465ee728b) (PreviewImporter) -> (artifact id: '42589ada5a273fe10a0d5d1b8961122e') in 0.0132783 seconds
Number of updated asset objects reloaded before import = 0Number of asset objects unloaded after import = 2

========================================================================
Received Import Request.
  Time since last request: 0.000014 seconds.
  path: Assets/TextureProject/SciFi Warehouse Kit/Art/Textures/security_cam_r.png
  artifactKey: Guid(5a9abbaa4d9e6844ebc282cd137b179e) Importer(815301076,1909f56bfc062723c751e8b465ee728b)
Start importing Assets/TextureProject/SciFi Warehouse Kit/Art/Textures/security_cam_r.png using Guid(5a9abbaa4d9e6844ebc282cd137b179e) Importer(815301076,1909f56bfc062723c751e8b465ee728b) (PreviewImporter) -> (artifact id: '0e88efe04b7a940db01f4202b7ce695d') in 0.0242916 seconds
Number of updated asset objects reloaded before import = 0Number of asset objects unloaded after import = 2

========================================================================
Received Import Request.
  Time since last request: 334.567209 seconds.
  path: Assets/Shader/pixeleffect/PixelEffectShaderGraph.shadergraph
  artifactKey: Guid(a69614d597a70a2459eb0c37c97848a7) Importer(815301076,1909f56bfc062723c751e8b465ee728b)
Start importing Assets/Shader/pixeleffect/PixelEffectShaderGraph.shadergraph using Guid(a69614d597a70a2459eb0c37c97848a7) Importer(815301076,1909f56bfc062723c751e8b465ee728b) (PreviewImporter) -> (artifact id: '66c9dac6a4a2702b9fc6c0e3820f402a') in 0.6045707 seconds
Number of updated asset objects reloaded before import = 1Number of asset objects unloaded after import = 3

========================================================================
Received Import Request.
  Time since last request: 0.165832 seconds.
  path: Assets/Shader/pixeleffect/PixelEffectShaderGraph.shadergraph
  artifactKey: Guid(a69614d597a70a2459eb0c37c97848a7) Importer(2089858483,192608db42251d675da83286b1cce702)
Start importing Assets/Shader/pixeleffect/PixelEffectShaderGraph.shadergraph using Guid(a69614d597a70a2459eb0c37c97848a7) Importer(2089858483,192608db42251d675da83286b1cce702) (ScriptedImporter) -> (artifact id: '608b485d21b8a10f4f0294f6ed670d99') in 0.1605067 seconds
Number of updated asset objects reloaded before import = 0Number of asset objects unloaded after import = 3

========================================================================
Received Import Request.
  Time since last request: 6.518729 seconds.
  path: Assets/Shader/pixeleffect
  artifactKey: Guid(c7871a0306a5d8e4d87367d7e9f3dde4) Importer(815301076,1909f56bfc062723c751e8b465ee728b)
Start importing Assets/Shader/pixeleffect using Guid(c7871a0306a5d8e4d87367d7e9f3dde4) Importer(815301076,1909f56bfc062723c751e8b465ee728b) (PreviewImporter) -> (artifact id: 'f1c34056fbe5c38a6df58d3ce6c14b67') in 0.0004877 seconds
Number of updated asset objects reloaded before import = 0Number of asset objects unloaded after import = 0

========================================================================
Received Import Request.
  Time since last request: 10.759802 seconds.
  path: Assets/Shader/pixeleffect/pixel mat.mat
  artifactKey: Guid(bc6926c082bbb9b449d37647ffe3f50f) Importer(815301076,1909f56bfc062723c751e8b465ee728b)
Start importing Assets/Shader/pixeleffect/pixel mat.mat using Guid(bc6926c082bbb9b449d37647ffe3f50f) Importer(815301076,1909f56bfc062723c751e8b465ee728b) (PreviewImporter) -> (artifact id: '0da746e91c2a25eaee6711a721dc8af6') in 0.0270653 seconds
Number of updated asset objects reloaded before import = 2Number of asset objects unloaded after import = 1

========================================================================
Received Import Request.
  Time since last request: 0.904953 seconds.
  path: Assets/Shader/pixeleffect/pixel mat.mat
  artifactKey: Guid(bc6926c082bbb9b449d37647ffe3f50f) Importer(2089858483,192608db42251d675da83286b1cce702)
Start importing Assets/Shader/pixeleffect/pixel mat.mat using Guid(bc6926c082bbb9b449d37647ffe3f50f) Importer(2089858483,192608db42251d675da83286b1cce702) (ScriptedImporter) -> (artifact id: 'd7cca17f359a6270d863face80ba9f73') in 0.014931 seconds
Number of updated asset objects reloaded before import = 0Number of asset objects unloaded after import = 1

========================================================================
Received Import Request.
  Time since last request: 28.514331 seconds.
  path: Assets/TextureProject/SciFi Warehouse Kit/Art/Textures/security_cam_a.png
  artifactKey: Guid(5aa42ca73b98db941ad37f3f7501d32d) Importer(815301076,1909f56bfc062723c751e8b465ee728b)
Start importing Assets/TextureProject/SciFi Warehouse Kit/Art/Textures/security_cam_a.png using Guid(5aa42ca73b98db941ad37f3f7501d32d) Importer(815301076,1909f56bfc062723c751e8b465ee728b) (PreviewImporter) -> (artifact id: '55b9579dc9b9e616fb611ce2da4de7e3') in 0.0337526 seconds
Number of updated asset objects reloaded before import = 0Number of asset objects unloaded after import = 2

========================================================================
Received Import Request.
  Time since last request: 0.000022 seconds.
  path: Assets/TextureProject/SciFi Warehouse Kit/Art/Textures/Skybox/Right.png
  artifactKey: Guid(c14d76bd0519285429da8d1ca6420ffb) Importer(815301076,1909f56bfc062723c751e8b465ee728b)
Start importing Assets/TextureProject/SciFi Warehouse Kit/Art/Textures/Skybox/Right.png using Guid(c14d76bd0519285429da8d1ca6420ffb) Importer(815301076,1909f56bfc062723c751e8b465ee728b) (PreviewImporter) -> (artifact id: 'f9481d6f63810307d7bf3c364675bc85') in 0.016102 seconds
Number of updated asset objects reloaded before import = 0Number of asset objects unloaded after import = 2

========================================================================
Received Import Request.
  Time since last request: 0.887979 seconds.
  path: Assets/Blink 2/Art/Characters/Stylized/Demo_Characters/DEMO_FreeStylizedHumanMale/ReflectionProbe-0.exr
  artifactKey: Guid(2d234ced0e8587645890c6ced78a555e) Importer(815301076,1909f56bfc062723c751e8b465ee728b)
Start importing Assets/Blink 2/Art/Characters/Stylized/Demo_Characters/DEMO_FreeStylizedHumanMale/ReflectionProbe-0.exr using Guid(2d234ced0e8587645890c6ced78a555e) Importer(815301076,1909f56bfc062723c751e8b465ee728b) (PreviewImporter) -> (artifact id: '1d7d20f7e97c5f665e148cbfb5cb1ad9') in 0.025474 seconds
Number of updated asset objects reloaded before import = 0Number of asset objects unloaded after import = 1

========================================================================
Received Import Request.
  Time since last request: 0.000028 seconds.
  path: Assets/TextureProject/Devkit/Textures/prototype_512x512_green1.png
  artifactKey: Guid(cc20e03e0ee454044b670f994bb6521c) Importer(815301076,1909f56bfc062723c751e8b465ee728b)
Start importing Assets/TextureProject/Devkit/Textures/prototype_512x512_green1.png using Guid(cc20e03e0ee454044b670f994bb6521c) Importer(815301076,1909f56bfc062723c751e8b465ee728b) (PreviewImporter) -> (artifact id: '7b7c0aa2eef998d7be9ab605c870625b') in 0.0141565 seconds
Number of updated asset objects reloaded before import = 0Number of asset objects unloaded after import = 2

========================================================================
Received Import Request.
  Time since last request: 0.000025 seconds.
  path: Assets/Blink 2/Art/Characters/Stylized/Humans/Textures_Humans/HM_Beard_1_Normal.png
  artifactKey: Guid(a8d1d8b375e28be409df9059e8c2bb9e) Importer(815301076,1909f56bfc062723c751e8b465ee728b)
Start importing Assets/Blink 2/Art/Characters/Stylized/Humans/Textures_Humans/HM_Beard_1_Normal.png using Guid(a8d1d8b375e28be409df9059e8c2bb9e) Importer(815301076,1909f56bfc062723c751e8b465ee728b) (PreviewImporter) -> (artifact id: 'b337cda43da2c6e43a5138863cff42f3') in 0.0197156 seconds
Number of updated asset objects reloaded before import = 0Number of asset objects unloaded after import = 2

========================================================================
Received Import Request.
  Time since last request: 0.000022 seconds.
  path: Assets/Blink 2/Art/Characters/Stylized/Humans/Textures_Humans/HM_Beard_1_Metallic.png
  artifactKey: Guid(0c92b307b47f4494b8c423195ec8d039) Importer(815301076,1909f56bfc062723c751e8b465ee728b)
Start importing Assets/Blink 2/Art/Characters/Stylized/Humans/Textures_Humans/HM_Beard_1_Metallic.png using Guid(0c92b307b47f4494b8c423195ec8d039) Importer(815301076,1909f56bfc062723c751e8b465ee728b) (PreviewImporter) -> (artifact id: '9c2a136f566f561e3e3e3ace2479aede') in 0.0107646 seconds
Number of updated asset objects reloaded before import = 0Number of asset objects unloaded after import = 2

========================================================================
Received Import Request.
  Time since last request: 0.000051 seconds.
  path: Assets/Blink 1/Art/Characters/Stylized/Humans/Textures_Humans/HM_Beard_1_Normal.png
  artifactKey: Guid(694d9478c0856414c95ea978b0663fdb) Importer(815301076,1909f56bfc062723c751e8b465ee728b)
Start importing Assets/Blink 1/Art/Characters/Stylized/Humans/Textures_Humans/HM_Beard_1_Normal.png using Guid(694d9478c0856414c95ea978b0663fdb) Importer(815301076,1909f56bfc062723c751e8b465ee728b) (PreviewImporter) -> (artifact id: 'fc1fd9b335278553c974f8571855b55e') in 0.0131592 seconds
Number of updated asset objects reloaded before import = 0Number of asset objects unloaded after import = 2

========================================================================
Received Import Request.
  Time since last request: 0.000022 seconds.
  path: Assets/Blink 1/Art/Characters/Stylized/Humans/Textures_Humans/HM_Beard_1_Metallic.png
  artifactKey: Guid(60712e8cb68f4f84991e501dbb6bb99f) Importer(815301076,1909f56bfc062723c751e8b465ee728b)
Start importing Assets/Blink 1/Art/Characters/Stylized/Humans/Textures_Humans/HM_Beard_1_Metallic.png using Guid(60712e8cb68f4f84991e501dbb6bb99f) Importer(815301076,1909f56bfc062723c751e8b465ee728b) (PreviewImporter) -> (artifact id: 'bf4746b8a18e000df98d241185de644d') in 0.0052557 seconds
Number of updated asset objects reloaded before import = 0Number of asset objects unloaded after import = 2

========================================================================
Received Import Request.
  Time since last request: 0.000018 seconds.
  path: Assets/TextureProject/Devkit/Textures/prototype_512x512_cyan.png
  artifactKey: Guid(e952950e625e0564484b227f71cbca7b) Importer(815301076,1909f56bfc062723c751e8b465ee728b)
Start importing Assets/TextureProject/Devkit/Textures/prototype_512x512_cyan.png using Guid(e952950e625e0564484b227f71cbca7b) Importer(815301076,1909f56bfc062723c751e8b465ee728b) (PreviewImporter) -> (artifact id: '47841a875b9dabcaeb16fcb0ee33446d') in 0.0143549 seconds
Number of updated asset objects reloaded before import = 0Number of asset objects unloaded after import = 2

========================================================================
Received Import Request.
  Time since last request: 0.000019 seconds.
  path: Assets/TextureProject/Devkit/Textures/prototype_512x512_green2.png
  artifactKey: Guid(9b6495e6a4759b544a7c2d7c00b5e65c) Importer(815301076,1909f56bfc062723c751e8b465ee728b)
Start importing Assets/TextureProject/Devkit/Textures/prototype_512x512_green2.png using Guid(9b6495e6a4759b544a7c2d7c00b5e65c) Importer(815301076,1909f56bfc062723c751e8b465ee728b) (PreviewImporter) -> (artifact id: '4d2fe7bd81c1819ccbc8e05c536e82f0') in 0.0131214 seconds
Number of updated asset objects reloaded before import = 0Number of asset objects unloaded after import = 2

========================================================================
Received Import Request.
  Time since last request: 0.000023 seconds.
  path: Assets/Blink/Art/Characters/Stylized/Humans/Textures_Humans/HM_Beard_1_Normal.png
  artifactKey: Guid(16933b4cbd0505b43bc21ccdf8db38f5) Importer(815301076,1909f56bfc062723c751e8b465ee728b)
Start importing Assets/Blink/Art/Characters/Stylized/Humans/Textures_Humans/HM_Beard_1_Normal.png using Guid(16933b4cbd0505b43bc21ccdf8db38f5) Importer(815301076,1909f56bfc062723c751e8b465ee728b) (PreviewImporter) -> (artifact id: '36faaf3bec926c6a3a5241688af04654') in 0.0166054 seconds
Number of updated asset objects reloaded before import = 0Number of asset objects unloaded after import = 2

========================================================================
Received Import Request.
  Time since last request: 0.000030 seconds.
  path: Assets/Blink 2/Art/Characters/Stylized/Humans/Textures_Humans/HM_Beard_1_BaseColor.png
  artifactKey: Guid(426af83cd4e4d5a4d8e97d81ab290550) Importer(815301076,1909f56bfc062723c751e8b465ee728b)
Start importing Assets/Blink 2/Art/Characters/Stylized/Humans/Textures_Humans/HM_Beard_1_BaseColor.png using Guid(426af83cd4e4d5a4d8e97d81ab290550) Importer(815301076,1909f56bfc062723c751e8b465ee728b) (PreviewImporter) -> (artifact id: '97d3e24ca0ebe9451021c234a7754ab5') in 0.014632 seconds
Number of updated asset objects reloaded before import = 0Number of asset objects unloaded after import = 2

Editor requested this worker to shutdown with reason: Scaling down because of idle timeout
AssetImportWorker is now disconnected from the server
Process exiting
Exiting without the bug reporter. Application will terminate with return code 0